Archive member included because of file (symbol)

/usr/lib/gcc/avr/4.9.1/avr5/libgcc.a(_exit.o)
                              /usr/lib/gcc/avr/4.9.1/../../../../avr/lib/avr5/crtm32u4.o (exit)
/usr/lib/gcc/avr/4.9.1/avr5/libgcc.a(_tablejump.o)
                              ../../../../LUFA-111009/LUFA/Drivers/USB/Core/DeviceStandardReq.o (__tablejump2__)
/usr/lib/gcc/avr/4.9.1/avr5/libgcc.a(_copy_data.o)
                              FinalKey.o (__do_copy_data)
/usr/lib/gcc/avr/4.9.1/avr5/libgcc.a(_clear_bss.o)
                              FinalKey.o (__do_clear_bss)
/usr/lib/gcc/avr/4.9.1/../../../../avr/lib/avr5/libc.a(eerd_byte_atmega32u4.o)
                              FinalKey.o (__eerd_byte_m32u4)
/usr/lib/gcc/avr/4.9.1/../../../../avr/lib/avr5/libc.a(eeupd_byte_atmega32u4.o)
                              ../../../../LUFA-111009/LUFA/Drivers/USB/Core/AVR8/EndpointStream_AVR8.o (__eeupd_byte_m32u4)
/usr/lib/gcc/avr/4.9.1/../../../../avr/lib/avr5/libc.a(eewr_byte_atmega32u4.o)
                              FinalKey.o (__eewr_byte_m32u4)

Allocating common symbols
Common symbol       size              file

LLEDPulse           0x2               FinalKey.o
USB_IsInitialized   0x1               ../../../../LUFA-111009/LUFA/Drivers/USB/Core/USBTask.o
USB_Device_ConfigurationNumber
                    0x1               ../../../../LUFA-111009/LUFA/Drivers/USB/Core/DeviceStandardReq.o
USB_ControlRequest  0x8               ../../../../LUFA-111009/LUFA/Drivers/USB/Core/USBTask.o

Discarded input sections

 .bss           0x0000000000000000        0x0 /usr/lib/gcc/avr/4.9.1/../../../../avr/lib/avr5/crtm32u4.o
 .text          0x0000000000000000        0x0 FinalKey.o
 .text.LEDPulse
                0x0000000000000000       0x2c FinalKey.o
 .rodata        0x0000000000000000        0x2 FinalKey.o
 COMMON         0x0000000000000000        0x2 FinalKey.o
 .text          0x0000000000000000        0x0 Descriptors.o
 .bss           0x0000000000000000        0x0 Descriptors.o
 .text          0x0000000000000000        0x0 ../../../../LUFA-111009/LUFA/Drivers/USB/Core/AVR8/Device_AVR8.o
 .bss           0x0000000000000000        0x0 ../../../../LUFA-111009/LUFA/Drivers/USB/Core/AVR8/Device_AVR8.o
 .text.USB_Device_SendRemoteWakeup
                0x0000000000000000       0x2c ../../../../LUFA-111009/LUFA/Drivers/USB/Core/AVR8/Device_AVR8.o
 .text          0x0000000000000000        0x0 ../../../../LUFA-111009/LUFA/Drivers/USB/Core/AVR8/Endpoint_AVR8.o
 .bss           0x0000000000000000        0x0 ../../../../LUFA-111009/LUFA/Drivers/USB/Core/AVR8/Endpoint_AVR8.o
 .text.Endpoint_ClearEndpoints
                0x0000000000000000       0x28 ../../../../LUFA-111009/LUFA/Drivers/USB/Core/AVR8/Endpoint_AVR8.o
 .text.Endpoint_WaitUntilReady
                0x0000000000000000       0x62 ../../../../LUFA-111009/LUFA/Drivers/USB/Core/AVR8/Endpoint_AVR8.o
 .text          0x0000000000000000        0x0 ../../../../LUFA-111009/LUFA/Drivers/USB/Core/AVR8/Host_AVR8.o
 .bss           0x0000000000000000        0x0 ../../../../LUFA-111009/LUFA/Drivers/USB/Core/AVR8/Host_AVR8.o
 .text          0x0000000000000000        0x0 ../../../../LUFA-111009/LUFA/Drivers/USB/Core/AVR8/Pipe_AVR8.o
 .bss           0x0000000000000000        0x0 ../../../../LUFA-111009/LUFA/Drivers/USB/Core/AVR8/Pipe_AVR8.o
 .text          0x0000000000000000        0x0 ../../../../LUFA-111009/LUFA/Drivers/USB/Core/AVR8/USBController_AVR8.o
 .bss           0x0000000000000000        0x0 ../../../../LUFA-111009/LUFA/Drivers/USB/Core/AVR8/USBController_AVR8.o
 .text.USB_Disable
                0x0000000000000000       0x34 ../../../../LUFA-111009/LUFA/Drivers/USB/Core/AVR8/USBController_AVR8.o
 .text          0x0000000000000000        0x0 ../../../../LUFA-111009/LUFA/Drivers/USB/Core/AVR8/USBInterrupt_AVR8.o
 .bss           0x0000000000000000        0x0 ../../../../LUFA-111009/LUFA/Drivers/USB/Core/AVR8/USBInterrupt_AVR8.o
 .text          0x0000000000000000        0x0 ../../../../LUFA-111009/LUFA/Drivers/USB/Core/AVR8/EndpointStream_AVR8.o
 .bss           0x0000000000000000        0x0 ../../../../LUFA-111009/LUFA/Drivers/USB/Core/AVR8/EndpointStream_AVR8.o
 .text.Endpoint_Discard_Stream
                0x0000000000000000       0x80 ../../../../LUFA-111009/LUFA/Drivers/USB/Core/AVR8/EndpointStream_AVR8.o
 .text.Endpoint_Null_Stream
                0x0000000000000000       0x80 ../../../../LUFA-111009/LUFA/Drivers/USB/Core/AVR8/EndpointStream_AVR8.o
 .text.Endpoint_Write_Stream_LE
                0x0000000000000000       0x9a ../../../../LUFA-111009/LUFA/Drivers/USB/Core/AVR8/EndpointStream_AVR8.o
 .text.Endpoint_Write_Stream_BE
                0x0000000000000000       0xa6 ../../../../LUFA-111009/LUFA/Drivers/USB/Core/AVR8/EndpointStream_AVR8.o
 .text.Endpoint_Read_Stream_LE
                0x0000000000000000       0x9a ../../../../LUFA-111009/LUFA/Drivers/USB/Core/AVR8/EndpointStream_AVR8.o
 .text.Endpoint_Read_Stream_BE
                0x0000000000000000       0xa6 ../../../../LUFA-111009/LUFA/Drivers/USB/Core/AVR8/EndpointStream_AVR8.o
 .text.Endpoint_Write_PStream_LE
                0x0000000000000000       0xa0 ../../../../LUFA-111009/LUFA/Drivers/USB/Core/AVR8/EndpointStream_AVR8.o
 .text.Endpoint_Write_PStream_BE
                0x0000000000000000       0xa8 ../../../../LUFA-111009/LUFA/Drivers/USB/Core/AVR8/EndpointStream_AVR8.o
 .text.Endpoint_Write_EStream_LE
                0x0000000000000000       0xa0 ../../../../LUFA-111009/LUFA/Drivers/USB/Core/AVR8/EndpointStream_AVR8.o
 .text.Endpoint_Write_EStream_BE
                0x0000000000000000       0xaa ../../../../LUFA-111009/LUFA/Drivers/USB/Core/AVR8/EndpointStream_AVR8.o
 .text.Endpoint_Read_EStream_LE
                0x0000000000000000       0xa0 ../../../../LUFA-111009/LUFA/Drivers/USB/Core/AVR8/EndpointStream_AVR8.o
 .text.Endpoint_Read_EStream_BE
                0x0000000000000000       0xaa ../../../../LUFA-111009/LUFA/Drivers/USB/Core/AVR8/EndpointStream_AVR8.o
 .text.Endpoint_Write_Control_Stream_BE
                0x0000000000000000       0xc4 ../../../../LUFA-111009/LUFA/Drivers/USB/Core/AVR8/EndpointStream_AVR8.o
 .text.Endpoint_Read_Control_Stream_BE
                0x0000000000000000       0x7e ../../../../LUFA-111009/LUFA/Drivers/USB/Core/AVR8/EndpointStream_AVR8.o
 .text.Endpoint_Write_Control_PStream_LE
                0x0000000000000000       0xb6 ../../../../LUFA-111009/LUFA/Drivers/USB/Core/AVR8/EndpointStream_AVR8.o
 .text.Endpoint_Write_Control_PStream_BE
                0x0000000000000000       0xc2 ../../../../LUFA-111009/LUFA/Drivers/USB/Core/AVR8/EndpointStream_AVR8.o
 .text.Endpoint_Write_Control_EStream_LE
                0x0000000000000000       0xe8 ../../../../LUFA-111009/LUFA/Drivers/USB/Core/AVR8/EndpointStream_AVR8.o
 .text.Endpoint_Write_Control_EStream_BE
                0x0000000000000000       0xf4 ../../../../LUFA-111009/LUFA/Drivers/USB/Core/AVR8/EndpointStream_AVR8.o
 .text.Endpoint_Read_Control_EStream_LE
                0x0000000000000000       0x90 ../../../../LUFA-111009/LUFA/Drivers/USB/Core/AVR8/EndpointStream_AVR8.o
 .text.Endpoint_Read_Control_EStream_BE
                0x0000000000000000       0x8e ../../../../LUFA-111009/LUFA/Drivers/USB/Core/AVR8/EndpointStream_AVR8.o
 .text          0x0000000000000000        0x0 ../../../../LUFA-111009/LUFA/Drivers/USB/Core/AVR8/PipeStream_AVR8.o
 .bss           0x0000000000000000        0x0 ../../../../LUFA-111009/LUFA/Drivers/USB/Core/AVR8/PipeStream_AVR8.o
 .text          0x0000000000000000        0x0 ../../../../LUFA-111009/LUFA/Drivers/USB/Core/ConfigDescriptor.o
 .bss           0x0000000000000000        0x0 ../../../../LUFA-111009/LUFA/Drivers/USB/Core/ConfigDescriptor.o
 .text.USB_GetNextDescriptor
                0x0000000000000000       0x3c ../../../../LUFA-111009/LUFA/Drivers/USB/Core/ConfigDescriptor.o
 .text.USB_GetNextDescriptorOfType
                0x0000000000000000       0x48 ../../../../LUFA-111009/LUFA/Drivers/USB/Core/ConfigDescriptor.o
 .text.USB_GetNextDescriptorOfTypeBefore
                0x0000000000000000       0x58 ../../../../LUFA-111009/LUFA/Drivers/USB/Core/ConfigDescriptor.o
 .text.USB_GetNextDescriptorOfTypeAfter
                0x0000000000000000       0x3e ../../../../LUFA-111009/LUFA/Drivers/USB/Core/ConfigDescriptor.o
 .text.USB_GetNextDescriptorComp
                0x0000000000000000       0x66 ../../../../LUFA-111009/LUFA/Drivers/USB/Core/ConfigDescriptor.o
 .text          0x0000000000000000        0x0 ../../../../LUFA-111009/LUFA/Drivers/USB/Core/DeviceStandardReq.o
 .bss           0x0000000000000000        0x0 ../../../../LUFA-111009/LUFA/Drivers/USB/Core/DeviceStandardReq.o
 .text          0x0000000000000000        0x0 ../../../../LUFA-111009/LUFA/Drivers/USB/Core/Events.o
 .bss           0x0000000000000000        0x0 ../../../../LUFA-111009/LUFA/Drivers/USB/Core/Events.o
 .text          0x0000000000000000        0x0 ../../../../LUFA-111009/LUFA/Drivers/USB/Core/HostStandardReq.o
 .bss           0x0000000000000000        0x0 ../../../../LUFA-111009/LUFA/Drivers/USB/Core/HostStandardReq.o
 .text          0x0000000000000000        0x0 ../../../../LUFA-111009/LUFA/Drivers/USB/Core/USBTask.o
 .bss           0x0000000000000000        0x0 ../../../../LUFA-111009/LUFA/Drivers/USB/Core/USBTask.o
 .text          0x0000000000000000        0x0 ../../../../LUFA-111009/LUFA/Drivers/USB/Class/Common/HIDParser.o
 .bss           0x0000000000000000        0x0 ../../../../LUFA-111009/LUFA/Drivers/USB/Class/Common/HIDParser.o
 .text.USB_ProcessHIDReport
                0x0000000000000000      0x66e ../../../../LUFA-111009/LUFA/Drivers/USB/Class/Common/HIDParser.o
 .text.USB_GetHIDReportItemInfo
                0x0000000000000000       0xbc ../../../../LUFA-111009/LUFA/Drivers/USB/Class/Common/HIDParser.o
 .text.USB_SetHIDReportItemInfo
                0x0000000000000000       0xce ../../../../LUFA-111009/LUFA/Drivers/USB/Class/Common/HIDParser.o
 .text.USB_GetHIDReportSize
                0x0000000000000000       0x54 ../../../../LUFA-111009/LUFA/Drivers/USB/Class/Common/HIDParser.o
 .text          0x0000000000000000        0x0 /usr/lib/gcc/avr/4.9.1/avr5/libgcc.a(_exit.o)
 .bss           0x0000000000000000        0x0 /usr/lib/gcc/avr/4.9.1/avr5/libgcc.a(_exit.o)
 .text.libgcc.mul
                0x0000000000000000        0x0 /usr/lib/gcc/avr/4.9.1/avr5/libgcc.a(_exit.o)
 .text.libgcc.div
                0x0000000000000000        0x0 /usr/lib/gcc/avr/4.9.1/avr5/libgcc.a(_exit.o)
 .text.libgcc   0x0000000000000000        0x0 /usr/lib/gcc/avr/4.9.1/avr5/libgcc.a(_exit.o)
 .text.libgcc.prologue
                0x0000000000000000        0x0 /usr/lib/gcc/avr/4.9.1/avr5/libgcc.a(_exit.o)
 .text.libgcc.builtins
                0x0000000000000000        0x0 /usr/lib/gcc/avr/4.9.1/avr5/libgcc.a(_exit.o)
 .text.libgcc.fmul
                0x0000000000000000        0x0 /usr/lib/gcc/avr/4.9.1/avr5/libgcc.a(_exit.o)
 .text.libgcc.fixed
                0x0000000000000000        0x0 /usr/lib/gcc/avr/4.9.1/avr5/libgcc.a(_exit.o)
 .text          0x0000000000000000        0x0 /usr/lib/gcc/avr/4.9.1/avr5/libgcc.a(_tablejump.o)
 .bss           0x0000000000000000        0x0 /usr/lib/gcc/avr/4.9.1/avr5/libgcc.a(_tablejump.o)
 .text.libgcc.mul
                0x0000000000000000        0x0 /usr/lib/gcc/avr/4.9.1/avr5/libgcc.a(_tablejump.o)
 .text.libgcc.div
                0x0000000000000000        0x0 /usr/lib/gcc/avr/4.9.1/avr5/libgcc.a(_tablejump.o)
 .text.libgcc.prologue
                0x0000000000000000        0x0 /usr/lib/gcc/avr/4.9.1/avr5/libgcc.a(_tablejump.o)
 .text.libgcc.builtins
                0x0000000000000000        0x0 /usr/lib/gcc/avr/4.9.1/avr5/libgcc.a(_tablejump.o)
 .text.libgcc.fmul
                0x0000000000000000        0x0 /usr/lib/gcc/avr/4.9.1/avr5/libgcc.a(_tablejump.o)
 .text.libgcc.fixed
                0x0000000000000000        0x0 /usr/lib/gcc/avr/4.9.1/avr5/libgcc.a(_tablejump.o)
 .text          0x0000000000000000        0x0 /usr/lib/gcc/avr/4.9.1/avr5/libgcc.a(_copy_data.o)
 .bss           0x0000000000000000        0x0 /usr/lib/gcc/avr/4.9.1/avr5/libgcc.a(_copy_data.o)
 .text.libgcc.mul
                0x0000000000000000        0x0 /usr/lib/gcc/avr/4.9.1/avr5/libgcc.a(_copy_data.o)
 .text.libgcc.div
                0x0000000000000000        0x0 /usr/lib/gcc/avr/4.9.1/avr5/libgcc.a(_copy_data.o)
 .text.libgcc   0x0000000000000000        0x0 /usr/lib/gcc/avr/4.9.1/avr5/libgcc.a(_copy_data.o)
 .text.libgcc.prologue
                0x0000000000000000        0x0 /usr/lib/gcc/avr/4.9.1/avr5/libgcc.a(_copy_data.o)
 .text.libgcc.builtins
                0x0000000000000000        0x0 /usr/lib/gcc/avr/4.9.1/avr5/libgcc.a(_copy_data.o)
 .text.libgcc.fmul
                0x0000000000000000        0x0 /usr/lib/gcc/avr/4.9.1/avr5/libgcc.a(_copy_data.o)
 .text.libgcc.fixed
                0x0000000000000000        0x0 /usr/lib/gcc/avr/4.9.1/avr5/libgcc.a(_copy_data.o)
 .text          0x0000000000000000        0x0 /usr/lib/gcc/avr/4.9.1/avr5/libgcc.a(_clear_bss.o)
 .bss           0x0000000000000000        0x0 /usr/lib/gcc/avr/4.9.1/avr5/libgcc.a(_clear_bss.o)
 .text.libgcc.mul
                0x0000000000000000        0x0 /usr/lib/gcc/avr/4.9.1/avr5/libgcc.a(_clear_bss.o)
 .text.libgcc.div
                0x0000000000000000        0x0 /usr/lib/gcc/avr/4.9.1/avr5/libgcc.a(_clear_bss.o)
 .text.libgcc   0x0000000000000000        0x0 /usr/lib/gcc/avr/4.9.1/avr5/libgcc.a(_clear_bss.o)
 .text.libgcc.prologue
                0x0000000000000000        0x0 /usr/lib/gcc/avr/4.9.1/avr5/libgcc.a(_clear_bss.o)
 .text.libgcc.builtins
                0x0000000000000000        0x0 /usr/lib/gcc/avr/4.9.1/avr5/libgcc.a(_clear_bss.o)
 .text.libgcc.fmul
                0x0000000000000000        0x0 /usr/lib/gcc/avr/4.9.1/avr5/libgcc.a(_clear_bss.o)
 .text.libgcc.fixed
                0x0000000000000000        0x0 /usr/lib/gcc/avr/4.9.1/avr5/libgcc.a(_clear_bss.o)
 .text          0x0000000000000000        0x0 /usr/lib/gcc/avr/4.9.1/../../../../avr/lib/avr5/libc.a(eerd_byte_atmega32u4.o)
 .bss           0x0000000000000000        0x0 /usr/lib/gcc/avr/4.9.1/../../../../avr/lib/avr5/libc.a(eerd_byte_atmega32u4.o)
 .text          0x0000000000000000        0x0 /usr/lib/gcc/avr/4.9.1/../../../../avr/lib/avr5/libc.a(eeupd_byte_atmega32u4.o)
 .bss           0x0000000000000000        0x0 /usr/lib/gcc/avr/4.9.1/../../../../avr/lib/avr5/libc.a(eeupd_byte_atmega32u4.o)
 .text.avr-libc
                0x0000000000000000       0x24 /usr/lib/gcc/avr/4.9.1/../../../../avr/lib/avr5/libc.a(eeupd_byte_atmega32u4.o)
 .text          0x0000000000000000        0x0 /usr/lib/gcc/avr/4.9.1/../../../../avr/lib/avr5/libc.a(eewr_byte_atmega32u4.o)
 .bss           0x0000000000000000        0x0 /usr/lib/gcc/avr/4.9.1/../../../../avr/lib/avr5/libc.a(eewr_byte_atmega32u4.o)

Memory Configuration

Name             Origin             Length             Attributes
text             0x0000000000000000 0x0000000000020000 xr
data             0x0000000000800060 0x000000000000ffa0 rw !x
eeprom           0x0000000000810000 0x0000000000010000 rw !x
fuse             0x0000000000820000 0x0000000000000400 rw !x
lock             0x0000000000830000 0x0000000000000400 rw !x
signature        0x0000000000840000 0x0000000000000400 rw !x
*default*        0x0000000000000000 0xffffffffffffffff

Linker script and memory map

Address of section .data set to 0x800100
LOAD /usr/lib/gcc/avr/4.9.1/../../../../avr/lib/avr5/crtm32u4.o
LOAD FinalKey.o
LOAD Descriptors.o
LOAD ../../../../LUFA-111009/LUFA/Drivers/USB/Core/AVR8/Device_AVR8.o
LOAD ../../../../LUFA-111009/LUFA/Drivers/USB/Core/AVR8/Endpoint_AVR8.o
LOAD ../../../../LUFA-111009/LUFA/Drivers/USB/Core/AVR8/Host_AVR8.o
LOAD ../../../../LUFA-111009/LUFA/Drivers/USB/Core/AVR8/Pipe_AVR8.o
LOAD ../../../../LUFA-111009/LUFA/Drivers/USB/Core/AVR8/USBController_AVR8.o
LOAD ../../../../LUFA-111009/LUFA/Drivers/USB/Core/AVR8/USBInterrupt_AVR8.o
LOAD ../../../../LUFA-111009/LUFA/Drivers/USB/Core/AVR8/EndpointStream_AVR8.o
LOAD ../../../../LUFA-111009/LUFA/Drivers/USB/Core/AVR8/PipeStream_AVR8.o
LOAD ../../../../LUFA-111009/LUFA/Drivers/USB/Core/ConfigDescriptor.o
LOAD ../../../../LUFA-111009/LUFA/Drivers/USB/Core/DeviceStandardReq.o
LOAD ../../../../LUFA-111009/LUFA/Drivers/USB/Core/Events.o
LOAD ../../../../LUFA-111009/LUFA/Drivers/USB/Core/HostStandardReq.o
LOAD ../../../../LUFA-111009/LUFA/Drivers/USB/Core/USBTask.o
LOAD ../../../../LUFA-111009/LUFA/Drivers/USB/Class/Common/HIDParser.o
Address of section .text set to 0x7000
LOAD /usr/lib/gcc/avr/4.9.1/../../../../avr/lib/avr5/libm.a
START GROUP
LOAD /usr/lib/gcc/avr/4.9.1/avr5/libgcc.a
LOAD /usr/lib/gcc/avr/4.9.1/../../../../avr/lib/avr5/libm.a
LOAD /usr/lib/gcc/avr/4.9.1/../../../../avr/lib/avr5/libc.a
END GROUP

.hash
 *(.hash)

.dynsym
 *(.dynsym)

.dynstr
 *(.dynstr)

.gnu.version
 *(.gnu.version)

.gnu.version_d
 *(.gnu.version_d)

.gnu.version_r
 *(.gnu.version_r)

.rel.init
 *(.rel.init)

.rela.init
 *(.rela.init)

.rel.text
 *(.rel.text)
 *(.rel.text.*)
 *(.rel.gnu.linkonce.t*)

.rela.text
 *(.rela.text)
 *(.rela.text.*)
 *(.rela.gnu.linkonce.t*)

.rel.fini
 *(.rel.fini)

.rela.fini
 *(.rela.fini)

.rel.rodata
 *(.rel.rodata)
 *(.rel.rodata.*)
 *(.rel.gnu.linkonce.r*)

.rela.rodata
 *(.rela.rodata)
 *(.rela.rodata.*)
 *(.rela.gnu.linkonce.r*)

.rel.data
 *(.rel.data)
 *(.rel.data.*)
 *(.rel.gnu.linkonce.d*)

.rela.data
 *(.rela.data)
 *(.rela.data.*)
 *(.rela.gnu.linkonce.d*)

.rel.ctors
 *(.rel.ctors)

.rela.ctors
 *(.rela.ctors)

.rel.dtors
 *(.rel.dtors)

.rela.dtors
 *(.rela.dtors)

.rel.got
 *(.rel.got)

.rela.got
 *(.rela.got)

.rel.bss
 *(.rel.bss)

.rela.bss
 *(.rela.bss)

.rel.plt
 *(.rel.plt)

.rela.plt
 *(.rela.plt)

.text           0x0000000000007000      0xcfa
 *(.vectors)
 .vectors       0x0000000000007000       0xac /usr/lib/gcc/avr/4.9.1/../../../../avr/lib/avr5/crtm32u4.o
                0x0000000000007000                __vectors
                0x0000000000007000                __vector_default
 *(.vectors)
 *(.progmem.gcc*)
 .progmem.gcc_sw_table.USB_Device_ProcessControlRequest
                0x00000000000070ac       0x14 ../../../../LUFA-111009/LUFA/Drivers/USB/Core/DeviceStandardReq.o
                0x00000000000070c0                . = ALIGN (0x2)
                0x00000000000070c0                __trampolines_start = .
 *(.trampolines)
 .trampolines   0x00000000000070c0        0x0 linker stubs
 *(.trampolines*)
                0x00000000000070c0                __trampolines_end = .
 *(.progmem*)
                0x00000000000070c0                . = ALIGN (0x2)
 *(.jumptables)
 *(.jumptables*)
 *(.lowtext)
 *(.lowtext*)
                0x00000000000070c0                __ctors_start = .
 *(.ctors)
                0x00000000000070c0                __ctors_end = .
                0x00000000000070c0                __dtors_start = .
 *(.dtors)
                0x00000000000070c0                __dtors_end = .
 SORT(*)(.ctors)
 SORT(*)(.dtors)
 *(.init0)
 .init0         0x00000000000070c0        0x0 /usr/lib/gcc/avr/4.9.1/../../../../avr/lib/avr5/crtm32u4.o
                0x00000000000070c0                __init
 *(.init0)
 *(.init1)
 *(.init1)
 *(.init2)
 .init2         0x00000000000070c0        0xc /usr/lib/gcc/avr/4.9.1/../../../../avr/lib/avr5/crtm32u4.o
 *(.init2)
 *(.init3)
 *(.init3)
 *(.init4)
 .init4         0x00000000000070cc       0x16 /usr/lib/gcc/avr/4.9.1/avr5/libgcc.a(_copy_data.o)
                0x00000000000070cc                __do_copy_data
 .init4         0x00000000000070e2       0x10 /usr/lib/gcc/avr/4.9.1/avr5/libgcc.a(_clear_bss.o)
                0x00000000000070e2                __do_clear_bss
 *(.init4)
 *(.init5)
 *(.init5)
 *(.init6)
 *(.init6)
 *(.init7)
 *(.init7)
 *(.init8)
 *(.init8)
 *(.init9)
 .init9         0x00000000000070f2        0x4 /usr/lib/gcc/avr/4.9.1/../../../../avr/lib/avr5/crtm32u4.o
 *(.init9)
 *(.text)
 .text          0x00000000000070f6        0x2 /usr/lib/gcc/avr/4.9.1/../../../../avr/lib/avr5/crtm32u4.o
                0x00000000000070f6                __vector_38
                0x00000000000070f6                __vector_22
                0x00000000000070f6                __vector_28
                0x00000000000070f6                __vector_1
                0x00000000000070f6                __vector_32
                0x00000000000070f6                __vector_34
                0x00000000000070f6                __vector_24
                0x00000000000070f6                __vector_12
                0x00000000000070f6                __bad_interrupt
                0x00000000000070f6                __vector_6
                0x00000000000070f6                __vector_31
                0x00000000000070f6                __vector_35
                0x00000000000070f6                __vector_39
                0x00000000000070f6                __vector_3
                0x00000000000070f6                __vector_23
                0x00000000000070f6                __vector_30
                0x00000000000070f6                __vector_25
                0x00000000000070f6                __vector_11
                0x00000000000070f6                __vector_13
                0x00000000000070f6                __vector_19
                0x00000000000070f6                __vector_7
                0x00000000000070f6                __vector_41
                0x00000000000070f6                __vector_27
                0x00000000000070f6                __vector_5
                0x00000000000070f6                __vector_33
                0x00000000000070f6                __vector_37
                0x00000000000070f6                __vector_4
                0x00000000000070f6                __vector_9
                0x00000000000070f6                __vector_2
                0x00000000000070f6                __vector_21
                0x00000000000070f6                __vector_15
                0x00000000000070f6                __vector_36
                0x00000000000070f6                __vector_29
                0x00000000000070f6                __vector_40
                0x00000000000070f6                __vector_8
                0x00000000000070f6                __vector_26
                0x00000000000070f6                __vector_14
                0x00000000000070f6                __vector_16
                0x00000000000070f6                __vector_18
                0x00000000000070f6                __vector_20
                0x00000000000070f6                __vector_42
                0x00000000000070f8                . = ALIGN (0x2)
 *(.text.*)
 .text.FetchNextCommandByte
                0x00000000000070f8       0x2e FinalKey.o
 .text.WriteNextResponseByte
                0x0000000000007126       0x3c FinalKey.o
 .text.SetupHardware
                0x0000000000007162       0x5a FinalKey.o
                0x0000000000007162                SetupHardware
 .text.__vector_17
                0x00000000000071bc       0x1c FinalKey.o
                0x00000000000071bc                __vector_17
 .text.EVENT_USB_Device_ConfigurationChanged
                0x00000000000071d8       0x18 FinalKey.o
                0x00000000000071d8                EVENT_USB_Device_ConfigurationChanged
 .text.EVENT_USB_Device_ControlRequest
                0x00000000000071f0       0x5c FinalKey.o
                0x00000000000071f0                EVENT_USB_Device_ControlRequest
 .text.CDC_Task
                0x000000000000724c      0x3a0 FinalKey.o
                0x000000000000724c                CDC_Task
 .text.startup.main
                0x00000000000075ec       0xb8 FinalKey.o
                0x00000000000075ec                main
 .text.CALLBACK_USB_GetDescriptor
                0x00000000000076a4       0x64 Descriptors.o
                0x00000000000076a4                CALLBACK_USB_GetDescriptor
 .text.Endpoint_ConfigureEndpoint_Prv
                0x0000000000007708       0x26 ../../../../LUFA-111009/LUFA/Drivers/USB/Core/AVR8/Endpoint_AVR8.o
                0x0000000000007708                Endpoint_ConfigureEndpoint_Prv
 .text.Endpoint_ClearStatusStage
                0x000000000000772e       0x3a ../../../../LUFA-111009/LUFA/Drivers/USB/Core/AVR8/Endpoint_AVR8.o
                0x000000000000772e                Endpoint_ClearStatusStage
 .text.USB_ResetInterface
                0x0000000000007768       0x76 ../../../../LUFA-111009/LUFA/Drivers/USB/Core/AVR8/USBController_AVR8.o
                0x0000000000007768                USB_ResetInterface
 .text.USB_Init
                0x00000000000077de       0x16 ../../../../LUFA-111009/LUFA/Drivers/USB/Core/AVR8/USBController_AVR8.o
                0x00000000000077de                USB_Init
 .text.USB_INT_DisableAllInterrupts
                0x00000000000077f4       0x10 ../../../../LUFA-111009/LUFA/Drivers/USB/Core/AVR8/USBInterrupt_AVR8.o
                0x00000000000077f4                USB_INT_DisableAllInterrupts
 .text.USB_INT_ClearAllInterrupts
                0x0000000000007804        0xa ../../../../LUFA-111009/LUFA/Drivers/USB/Core/AVR8/USBInterrupt_AVR8.o
                0x0000000000007804                USB_INT_ClearAllInterrupts
 .text.__vector_10
                0x000000000000780e      0x162 ../../../../LUFA-111009/LUFA/Drivers/USB/Core/AVR8/USBInterrupt_AVR8.o
                0x000000000000780e                __vector_10
 .text.Endpoint_Write_Control_Stream_LE
                0x0000000000007970       0xba ../../../../LUFA-111009/LUFA/Drivers/USB/Core/AVR8/EndpointStream_AVR8.o
                0x0000000000007970                Endpoint_Write_Control_Stream_LE
 .text.Endpoint_Read_Control_Stream_LE
                0x0000000000007a2a       0x7c ../../../../LUFA-111009/LUFA/Drivers/USB/Core/AVR8/EndpointStream_AVR8.o
                0x0000000000007a2a                Endpoint_Read_Control_Stream_LE
 .text.USB_Device_ProcessControlRequest
                0x0000000000007aa6      0x1f4 ../../../../LUFA-111009/LUFA/Drivers/USB/Core/DeviceStandardReq.o
                0x0000000000007aa6                USB_Device_ProcessControlRequest
 .text.USB_Event_Stub
                0x0000000000007c9a        0x2 ../../../../LUFA-111009/LUFA/Drivers/USB/Core/Events.o
                0x0000000000007c9a                EVENT_USB_Device_Connect
                0x0000000000007c9a                EVENT_USB_Device_WakeUp
                0x0000000000007c9a                USB_Event_Stub
                0x0000000000007c9a                EVENT_USB_Device_Suspend
                0x0000000000007c9a                EVENT_USB_Device_StartOfFrame
                0x0000000000007c9a                EVENT_USB_Device_Disconnect
                0x0000000000007c9a                EVENT_USB_Device_Reset
 .text.USB_USBTask
                0x0000000000007c9c       0x22 ../../../../LUFA-111009/LUFA/Drivers/USB/Core/USBTask.o
                0x0000000000007c9c                USB_USBTask
 .text.libgcc   0x0000000000007cbe        0xc /usr/lib/gcc/avr/4.9.1/avr5/libgcc.a(_tablejump.o)
                0x0000000000007cbe                __tablejump2__
                0x0000000000007cc2                __tablejump__
 .text.avr-libc
                0x0000000000007cca       0x10 /usr/lib/gcc/avr/4.9.1/../../../../avr/lib/avr5/libc.a(eerd_byte_atmega32u4.o)
                0x0000000000007cca                __eerd_byte_m32u4
 .text.avr-libc
                0x0000000000007cda       0x1c /usr/lib/gcc/avr/4.9.1/../../../../avr/lib/avr5/libc.a(eewr_byte_atmega32u4.o)
                0x0000000000007cda                __eewr_byte_m32u4
                0x0000000000007cdc                __eewr_r18_m32u4
                0x0000000000007cf6                . = ALIGN (0x2)
 *(.fini9)
 .fini9         0x0000000000007cf6        0x0 /usr/lib/gcc/avr/4.9.1/avr5/libgcc.a(_exit.o)
                0x0000000000007cf6                exit
                0x0000000000007cf6                _exit
 *(.fini9)
 *(.fini8)
 *(.fini8)
 *(.fini7)
 *(.fini7)
 *(.fini6)
 *(.fini6)
 *(.fini5)
 *(.fini5)
 *(.fini4)
 *(.fini4)
 *(.fini3)
 *(.fini3)
 *(.fini2)
 *(.fini2)
 *(.fini1)
 *(.fini1)
 *(.fini0)
 .fini0         0x0000000000007cf6        0x4 /usr/lib/gcc/avr/4.9.1/avr5/libgcc.a(_exit.o)
 *(.fini0)
                0x0000000000007cfa                _etext = .

.data           0x0000000000800100       0xa4 load address 0x0000000000007cfa
                0x0000000000800100                PROVIDE (__data_start, .)
 *(.data)
 .data          0x0000000000800100        0x0 /usr/lib/gcc/avr/4.9.1/../../../../avr/lib/avr5/crtm32u4.o
 .data          0x0000000000800100        0x9 FinalKey.o
                0x0000000000800100                bootKey
 .data          0x0000000000800109        0x0 Descriptors.o
 .data          0x0000000000800109        0x0 ../../../../LUFA-111009/LUFA/Drivers/USB/Core/AVR8/Device_AVR8.o
 .data          0x0000000000800109        0x0 ../../../../LUFA-111009/LUFA/Drivers/USB/Core/AVR8/Endpoint_AVR8.o
 .data          0x0000000000800109        0x0 ../../../../LUFA-111009/LUFA/Drivers/USB/Core/AVR8/Host_AVR8.o
 .data          0x0000000000800109        0x0 ../../../../LUFA-111009/LUFA/Drivers/USB/Core/AVR8/Pipe_AVR8.o
 .data          0x0000000000800109        0x0 ../../../../LUFA-111009/LUFA/Drivers/USB/Core/AVR8/USBController_AVR8.o
 .data          0x0000000000800109        0x0 ../../../../LUFA-111009/LUFA/Drivers/USB/Core/AVR8/USBInterrupt_AVR8.o
 .data          0x0000000000800109        0x0 ../../../../LUFA-111009/LUFA/Drivers/USB/Core/AVR8/EndpointStream_AVR8.o
 .data          0x0000000000800109        0x0 ../../../../LUFA-111009/LUFA/Drivers/USB/Core/AVR8/PipeStream_AVR8.o
 .data          0x0000000000800109        0x0 ../../../../LUFA-111009/LUFA/Drivers/USB/Core/ConfigDescriptor.o
 .data          0x0000000000800109        0x0 ../../../../LUFA-111009/LUFA/Drivers/USB/Core/DeviceStandardReq.o
 .data          0x0000000000800109        0x0 ../../../../LUFA-111009/LUFA/Drivers/USB/Core/Events.o
 .data          0x0000000000800109        0x0 ../../../../LUFA-111009/LUFA/Drivers/USB/Core/HostStandardReq.o
 .data          0x0000000000800109        0x0 ../../../../LUFA-111009/LUFA/Drivers/USB/Core/USBTask.o
 .data          0x0000000000800109        0x0 ../../../../LUFA-111009/LUFA/Drivers/USB/Class/Common/HIDParser.o
 .data          0x0000000000800109        0x0 /usr/lib/gcc/avr/4.9.1/avr5/libgcc.a(_exit.o)
 .data          0x0000000000800109        0x0 /usr/lib/gcc/avr/4.9.1/avr5/libgcc.a(_tablejump.o)
 .data          0x0000000000800109        0x0 /usr/lib/gcc/avr/4.9.1/avr5/libgcc.a(_copy_data.o)
 .data          0x0000000000800109        0x0 /usr/lib/gcc/avr/4.9.1/avr5/libgcc.a(_clear_bss.o)
 .data          0x0000000000800109        0x0 /usr/lib/gcc/avr/4.9.1/../../../../avr/lib/avr5/libc.a(eerd_byte_atmega32u4.o)
 .data          0x0000000000800109        0x0 /usr/lib/gcc/avr/4.9.1/../../../../avr/lib/avr5/libc.a(eeupd_byte_atmega32u4.o)
 .data          0x0000000000800109        0x0 /usr/lib/gcc/avr/4.9.1/../../../../avr/lib/avr5/libc.a(eewr_byte_atmega32u4.o)
 *(.data*)
 *(.rodata)
 .rodata        0x0000000000800109       0x92 Descriptors.o
                0x0000000000800109                ManufNameString
                0x0000000000800123                ProductString
                0x0000000000800147                LanguageString
                0x000000000080014b                ConfigurationDescriptor
                0x0000000000800189                DeviceDescriptor
 *(.rodata*)
 .rodata.str1.1
                0x000000000080019b        0x9 FinalKey.o
 *(.gnu.linkonce.d*)
                0x00000000008001a4                . = ALIGN (0x2)
                0x00000000008001a4                _edata = .
                0x00000000008001a4                PROVIDE (__data_end, .)

.bss            0x00000000008001a4       0x12
                0x00000000008001a4                PROVIDE (__bss_start, .)
 *(.bss)
 .bss           0x00000000008001a4        0x8 FinalKey.o
                0x00000000008001a4                RxLEDPulse
                0x00000000008001a6                TxLEDPulse
 *(.bss*)
 *(COMMON)
 COMMON         0x00000000008001ac        0x1 ../../../../LUFA-111009/LUFA/Drivers/USB/Core/DeviceStandardReq.o
                0x00000000008001ac                USB_Device_ConfigurationNumber
 COMMON         0x00000000008001ad        0x9 ../../../../LUFA-111009/LUFA/Drivers/USB/Core/USBTask.o
                0x00000000008001ad                USB_IsInitialized
                0x00000000008001ae                USB_ControlRequest
                0x00000000008001b6                PROVIDE (__bss_end, .)
                0x0000000000007cfa                __data_load_start = LOADADDR (.data)
                0x0000000000007d9e                __data_load_end = (__data_load_start + SIZEOF (.data))

.noinit         0x00000000008001b6        0x0
                0x00000000008001b6                PROVIDE (__noinit_start, .)
 *(.noinit*)
                0x00000000008001b6                PROVIDE (__noinit_end, .)
                0x00000000008001b6                _end = .
                0x00000000008001b6                PROVIDE (__heap_start, .)

.eeprom         0x0000000000810000        0x0
 *(.eeprom*)
                0x0000000000810000                __eeprom_end = .

.fuse
 *(.fuse)
 *(.lfuse)
 *(.hfuse)
 *(.efuse)

.lock
 *(.lock*)

.signature
 *(.signature*)

.stab
 *(.stab)

.stabstr
 *(.stabstr)

.stab.excl
 *(.stab.excl)

.stab.exclstr
 *(.stab.exclstr)

.stab.index
 *(.stab.index)

.stab.indexstr
 *(.stab.indexstr)

.comment        0x0000000000000000       0x11
 *(.comment)
 .comment       0x0000000000000000       0x11 FinalKey.o
                                         0x12 (size before relaxing)
 .comment       0x0000000000000000       0x12 Descriptors.o
 .comment       0x0000000000000000       0x12 ../../../../LUFA-111009/LUFA/Drivers/USB/Core/AVR8/Device_AVR8.o
 .comment       0x0000000000000000       0x12 ../../../../LUFA-111009/LUFA/Drivers/USB/Core/AVR8/Endpoint_AVR8.o
 .comment       0x0000000000000000       0x12 ../../../../LUFA-111009/LUFA/Drivers/USB/Core/AVR8/Host_AVR8.o
 .comment       0x0000000000000000       0x12 ../../../../LUFA-111009/LUFA/Drivers/USB/Core/AVR8/Pipe_AVR8.o
 .comment       0x0000000000000000       0x12 ../../../../LUFA-111009/LUFA/Drivers/USB/Core/AVR8/USBController_AVR8.o
 .comment       0x0000000000000000       0x12 ../../../../LUFA-111009/LUFA/Drivers/USB/Core/AVR8/USBInterrupt_AVR8.o
 .comment       0x0000000000000000       0x12 ../../../../LUFA-111009/LUFA/Drivers/USB/Core/AVR8/EndpointStream_AVR8.o
 .comment       0x0000000000000000       0x12 ../../../../LUFA-111009/LUFA/Drivers/USB/Core/AVR8/PipeStream_AVR8.o
 .comment       0x0000000000000000       0x12 ../../../../LUFA-111009/LUFA/Drivers/USB/Core/ConfigDescriptor.o
 .comment       0x0000000000000000       0x12 ../../../../LUFA-111009/LUFA/Drivers/USB/Core/DeviceStandardReq.o
 .comment       0x0000000000000000       0x12 ../../../../LUFA-111009/LUFA/Drivers/USB/Core/Events.o
 .comment       0x0000000000000000       0x12 ../../../../LUFA-111009/LUFA/Drivers/USB/Core/HostStandardReq.o
 .comment       0x0000000000000000       0x12 ../../../../LUFA-111009/LUFA/Drivers/USB/Core/USBTask.o
 .comment       0x0000000000000000       0x12 ../../../../LUFA-111009/LUFA/Drivers/USB/Class/Common/HIDParser.o

.note.gnu.build-id
 *(.note.gnu.build-id)

.debug
 *(.debug)

.line
 *(.line)

.debug_srcinfo
 *(.debug_srcinfo)

.debug_sfnames
 *(.debug_sfnames)

.debug_aranges  0x0000000000000000      0x2d8
 *(.debug_aranges)
 .debug_aranges
                0x0000000000000000       0x60 FinalKey.o
 .debug_aranges
                0x0000000000000060       0x20 Descriptors.o
 .debug_aranges
                0x0000000000000080       0x20 ../../../../LUFA-111009/LUFA/Drivers/USB/Core/AVR8/Device_AVR8.o
 .debug_aranges
                0x00000000000000a0       0x38 ../../../../LUFA-111009/LUFA/Drivers/USB/Core/AVR8/Endpoint_AVR8.o
 .debug_aranges
                0x00000000000000d8       0x30 ../../../../LUFA-111009/LUFA/Drivers/USB/Core/AVR8/USBController_AVR8.o
 .debug_aranges
                0x0000000000000108       0x30 ../../../../LUFA-111009/LUFA/Drivers/USB/Core/AVR8/USBInterrupt_AVR8.o
 .debug_aranges
                0x0000000000000138       0xc8 ../../../../LUFA-111009/LUFA/Drivers/USB/Core/AVR8/EndpointStream_AVR8.o
 .debug_aranges
                0x0000000000000200       0x40 ../../../../LUFA-111009/LUFA/Drivers/USB/Core/ConfigDescriptor.o
 .debug_aranges
                0x0000000000000240       0x20 ../../../../LUFA-111009/LUFA/Drivers/USB/Core/DeviceStandardReq.o
 .debug_aranges
                0x0000000000000260       0x20 ../../../../LUFA-111009/LUFA/Drivers/USB/Core/Events.o
 .debug_aranges
                0x0000000000000280       0x20 ../../../../LUFA-111009/LUFA/Drivers/USB/Core/USBTask.o
 .debug_aranges
                0x00000000000002a0       0x38 ../../../../LUFA-111009/LUFA/Drivers/USB/Class/Common/HIDParser.o

.debug_pubnames
 *(.debug_pubnames)

.debug_info     0x0000000000000000     0x5a97
 *(.debug_info .gnu.linkonce.wi.*)
 .debug_info    0x0000000000000000      0x9f4 /usr/lib/gcc/avr/4.9.1/../../../../avr/lib/avr5/crtm32u4.o
 .debug_info    0x00000000000009f4      0xdae FinalKey.o
 .debug_info    0x00000000000017a2      0x659 Descriptors.o
 .debug_info    0x0000000000001dfb       0xd2 ../../../../LUFA-111009/LUFA/Drivers/USB/Core/AVR8/Device_AVR8.o
 .debug_info    0x0000000000001ecd      0x3d9 ../../../../LUFA-111009/LUFA/Drivers/USB/Core/AVR8/Endpoint_AVR8.o
 .debug_info    0x00000000000022a6      0x488 ../../../../LUFA-111009/LUFA/Drivers/USB/Core/AVR8/USBController_AVR8.o
 .debug_info    0x000000000000272e      0x5e1 ../../../../LUFA-111009/LUFA/Drivers/USB/Core/AVR8/USBInterrupt_AVR8.o
 .debug_info    0x0000000000002d0f     0x17d1 ../../../../LUFA-111009/LUFA/Drivers/USB/Core/AVR8/EndpointStream_AVR8.o
 .debug_info    0x00000000000044e0      0x3c9 ../../../../LUFA-111009/LUFA/Drivers/USB/Core/ConfigDescriptor.o
 .debug_info    0x00000000000048a9      0x80a ../../../../LUFA-111009/LUFA/Drivers/USB/Core/DeviceStandardReq.o
 .debug_info    0x00000000000050b3       0x78 ../../../../LUFA-111009/LUFA/Drivers/USB/Core/Events.o
 .debug_info    0x000000000000512b      0x236 ../../../../LUFA-111009/LUFA/Drivers/USB/Core/USBTask.o
 .debug_info    0x0000000000005361      0x736 ../../../../LUFA-111009/LUFA/Drivers/USB/Class/Common/HIDParser.o

.debug_abbrev   0x0000000000000000     0x1d8c
 *(.debug_abbrev)
 .debug_abbrev  0x0000000000000000      0x96a /usr/lib/gcc/avr/4.9.1/../../../../avr/lib/avr5/crtm32u4.o
 .debug_abbrev  0x000000000000096a      0x3e7 FinalKey.o
 .debug_abbrev  0x0000000000000d51      0x115 Descriptors.o
 .debug_abbrev  0x0000000000000e66       0x80 ../../../../LUFA-111009/LUFA/Drivers/USB/Core/AVR8/Device_AVR8.o
 .debug_abbrev  0x0000000000000ee6      0x176 ../../../../LUFA-111009/LUFA/Drivers/USB/Core/AVR8/Endpoint_AVR8.o
 .debug_abbrev  0x000000000000105c      0x1ba ../../../../LUFA-111009/LUFA/Drivers/USB/Core/AVR8/USBController_AVR8.o
 .debug_abbrev  0x0000000000001216      0x1c3 ../../../../LUFA-111009/LUFA/Drivers/USB/Core/AVR8/USBInterrupt_AVR8.o
 .debug_abbrev  0x00000000000013d9      0x1fd ../../../../LUFA-111009/LUFA/Drivers/USB/Core/AVR8/EndpointStream_AVR8.o
 .debug_abbrev  0x00000000000015d6      0x176 ../../../../LUFA-111009/LUFA/Drivers/USB/Core/ConfigDescriptor.o
 .debug_abbrev  0x000000000000174c      0x282 ../../../../LUFA-111009/LUFA/Drivers/USB/Core/DeviceStandardReq.o
 .debug_abbrev  0x00000000000019ce       0x44 ../../../../LUFA-111009/LUFA/Drivers/USB/Core/Events.o
 .debug_abbrev  0x0000000000001a12      0x15c ../../../../LUFA-111009/LUFA/Drivers/USB/Core/USBTask.o
 .debug_abbrev  0x0000000000001b6e      0x21e ../../../../LUFA-111009/LUFA/Drivers/USB/Class/Common/HIDParser.o

.debug_line     0x0000000000000000     0x2349
 *(.debug_line .debug_line.* .debug_line_end)
 .debug_line    0x0000000000000000       0x1d /usr/lib/gcc/avr/4.9.1/../../../../avr/lib/avr5/crtm32u4.o
 .debug_line    0x000000000000001d      0x4b6 FinalKey.o
 .debug_line    0x00000000000004d3      0x144 Descriptors.o
 .debug_line    0x0000000000000617      0x10b ../../../../LUFA-111009/LUFA/Drivers/USB/Core/AVR8/Device_AVR8.o
 .debug_line    0x0000000000000722      0x2c9 ../../../../LUFA-111009/LUFA/Drivers/USB/Core/AVR8/Endpoint_AVR8.o
 .debug_line    0x00000000000009eb        0x0 ../../../../LUFA-111009/LUFA/Drivers/USB/Core/AVR8/Host_AVR8.o
 .debug_line    0x00000000000009eb        0x0 ../../../../LUFA-111009/LUFA/Drivers/USB/Core/AVR8/Pipe_AVR8.o
 .debug_line    0x00000000000009eb      0x25f ../../../../LUFA-111009/LUFA/Drivers/USB/Core/AVR8/USBController_AVR8.o
 .debug_line    0x0000000000000c4a      0x398 ../../../../LUFA-111009/LUFA/Drivers/USB/Core/AVR8/USBInterrupt_AVR8.o
 .debug_line    0x0000000000000fe2      0xaf6 ../../../../LUFA-111009/LUFA/Drivers/USB/Core/AVR8/EndpointStream_AVR8.o
 .debug_line    0x0000000000001ad8        0x0 ../../../../LUFA-111009/LUFA/Drivers/USB/Core/AVR8/PipeStream_AVR8.o
 .debug_line    0x0000000000001ad8      0x155 ../../../../LUFA-111009/LUFA/Drivers/USB/Core/ConfigDescriptor.o
 .debug_line    0x0000000000001c2d      0x2fd ../../../../LUFA-111009/LUFA/Drivers/USB/Core/DeviceStandardReq.o
 .debug_line    0x0000000000001f2a       0x66 ../../../../LUFA-111009/LUFA/Drivers/USB/Core/Events.o
 .debug_line    0x0000000000001f90        0x0 ../../../../LUFA-111009/LUFA/Drivers/USB/Core/HostStandardReq.o
 .debug_line    0x0000000000001f90      0x162 ../../../../LUFA-111009/LUFA/Drivers/USB/Core/USBTask.o
 .debug_line    0x00000000000020f2      0x257 ../../../../LUFA-111009/LUFA/Drivers/USB/Class/Common/HIDParser.o

.debug_frame    0x0000000000000000      0x9cc
 *(.debug_frame)
 .debug_frame   0x0000000000000000      0x10c FinalKey.o
 .debug_frame   0x000000000000010c       0x24 Descriptors.o
 .debug_frame   0x0000000000000130       0x24 ../../../../LUFA-111009/LUFA/Drivers/USB/Core/AVR8/Device_AVR8.o
 .debug_frame   0x0000000000000154       0x54 ../../../../LUFA-111009/LUFA/Drivers/USB/Core/AVR8/Endpoint_AVR8.o
 .debug_frame   0x00000000000001a8       0x5c ../../../../LUFA-111009/LUFA/Drivers/USB/Core/AVR8/USBController_AVR8.o
 .debug_frame   0x0000000000000204       0x98 ../../../../LUFA-111009/LUFA/Drivers/USB/Core/AVR8/USBInterrupt_AVR8.o
 .debug_frame   0x000000000000029c      0x42c ../../../../LUFA-111009/LUFA/Drivers/USB/Core/AVR8/EndpointStream_AVR8.o
 .debug_frame   0x00000000000006c8      0x124 ../../../../LUFA-111009/LUFA/Drivers/USB/Core/ConfigDescriptor.o
 .debug_frame   0x00000000000007ec       0x44 ../../../../LUFA-111009/LUFA/Drivers/USB/Core/DeviceStandardReq.o
 .debug_frame   0x0000000000000830       0x24 ../../../../LUFA-111009/LUFA/Drivers/USB/Core/Events.o
 .debug_frame   0x0000000000000854       0x2c ../../../../LUFA-111009/LUFA/Drivers/USB/Core/USBTask.o
 .debug_frame   0x0000000000000880      0x14c ../../../../LUFA-111009/LUFA/Drivers/USB/Class/Common/HIDParser.o

.debug_str      0x0000000000000000     0x2906
 *(.debug_str)
 .debug_str     0x0000000000000000      0x371 /usr/lib/gcc/avr/4.9.1/../../../../avr/lib/avr5/crtm32u4.o
 .debug_str     0x0000000000000371      0x81c FinalKey.o
                                        0x8a2 (size before relaxing)
 .debug_str     0x0000000000000b8d      0x62a Descriptors.o
                                        0x818 (size before relaxing)
 .debug_str     0x00000000000011b7       0x89 ../../../../LUFA-111009/LUFA/Drivers/USB/Core/AVR8/Device_AVR8.o
                                        0x204 (size before relaxing)
 .debug_str     0x0000000000001240      0x249 ../../../../LUFA-111009/LUFA/Drivers/USB/Core/AVR8/Endpoint_AVR8.o
                                        0x558 (size before relaxing)
 .debug_str     0x0000000000001489       0x3f ../../../../LUFA-111009/LUFA/Drivers/USB/Core/AVR8/Host_AVR8.o
                                        0x13c (size before relaxing)
 .debug_str     0x00000000000014c8       0x3f ../../../../LUFA-111009/LUFA/Drivers/USB/Core/AVR8/Pipe_AVR8.o
                                        0x13c (size before relaxing)
 .debug_str     0x0000000000001507      0x24f ../../../../LUFA-111009/LUFA/Drivers/USB/Core/AVR8/USBController_AVR8.o
                                        0x518 (size before relaxing)
 .debug_str     0x0000000000001756      0x140 ../../../../LUFA-111009/LUFA/Drivers/USB/Core/AVR8/USBInterrupt_AVR8.o
                                        0x50e (size before relaxing)
 .debug_str     0x0000000000001896      0x4ab ../../../../LUFA-111009/LUFA/Drivers/USB/Core/AVR8/EndpointStream_AVR8.o
                                        0x863 (size before relaxing)
 .debug_str     0x0000000000001d41       0x45 ../../../../LUFA-111009/LUFA/Drivers/USB/Core/AVR8/PipeStream_AVR8.o
                                        0x142 (size before relaxing)
 .debug_str     0x0000000000001d86      0x238 ../../../../LUFA-111009/LUFA/Drivers/USB/Core/ConfigDescriptor.o
                                        0x3eb (size before relaxing)
 .debug_str     0x0000000000001fbe      0x396 ../../../../LUFA-111009/LUFA/Drivers/USB/Core/DeviceStandardReq.o
                                        0x7c6 (size before relaxing)
 .debug_str     0x0000000000002354       0x46 ../../../../LUFA-111009/LUFA/Drivers/USB/Core/Events.o
                                        0x1aa (size before relaxing)
 .debug_str     0x000000000000239a       0x40 ../../../../LUFA-111009/LUFA/Drivers/USB/Core/HostStandardReq.o
                                        0x13d (size before relaxing)
 .debug_str     0x00000000000023da       0x70 ../../../../LUFA-111009/LUFA/Drivers/USB/Core/USBTask.o
                                        0x364 (size before relaxing)
 .debug_str     0x000000000000244a      0x4bc ../../../../LUFA-111009/LUFA/Drivers/USB/Class/Common/HIDParser.o
                                        0x6c8 (size before relaxing)

.debug_loc      0x0000000000000000     0x3ed9
 *(.debug_loc)
 .debug_loc     0x0000000000000000      0x6e5 FinalKey.o
 .debug_loc     0x00000000000006e5      0x1f4 Descriptors.o
 .debug_loc     0x00000000000008d9       0xf9 ../../../../LUFA-111009/LUFA/Drivers/USB/Core/AVR8/Endpoint_AVR8.o
 .debug_loc     0x00000000000009d2       0x49 ../../../../LUFA-111009/LUFA/Drivers/USB/Core/AVR8/USBController_AVR8.o
 .debug_loc     0x0000000000000a1b      0x1e3 ../../../../LUFA-111009/LUFA/Drivers/USB/Core/AVR8/USBInterrupt_AVR8.o
 .debug_loc     0x0000000000000bfe     0x1ef6 ../../../../LUFA-111009/LUFA/Drivers/USB/Core/AVR8/EndpointStream_AVR8.o
 .debug_loc     0x0000000000002af4      0x5bd ../../../../LUFA-111009/LUFA/Drivers/USB/Core/ConfigDescriptor.o
 .debug_loc     0x00000000000030b1      0x25d ../../../../LUFA-111009/LUFA/Drivers/USB/Core/DeviceStandardReq.o
 .debug_loc     0x000000000000330e       0x49 ../../../../LUFA-111009/LUFA/Drivers/USB/Core/USBTask.o
 .debug_loc     0x0000000000003357      0xb82 ../../../../LUFA-111009/LUFA/Drivers/USB/Class/Common/HIDParser.o

.debug_macinfo
 *(.debug_macinfo)

.debug_weaknames
 *(.debug_weaknames)

.debug_funcnames
 *(.debug_funcnames)

.debug_typenames
 *(.debug_typenames)

.debug_varnames
 *(.debug_varnames)

.debug_pubtypes
 *(.debug_pubtypes)

.debug_ranges   0x0000000000000000      0x430
 *(.debug_ranges)
 .debug_ranges  0x0000000000000000       0x68 FinalKey.o
 .debug_ranges  0x0000000000000068       0x10 Descriptors.o
 .debug_ranges  0x0000000000000078       0x10 ../../../../LUFA-111009/LUFA/Drivers/USB/Core/AVR8/Device_AVR8.o
 .debug_ranges  0x0000000000000088       0x28 ../../../../LUFA-111009/LUFA/Drivers/USB/Core/AVR8/Endpoint_AVR8.o
 .debug_ranges  0x00000000000000b0       0x20 ../../../../LUFA-111009/LUFA/Drivers/USB/Core/AVR8/USBController_AVR8.o
 .debug_ranges  0x00000000000000d0       0x20 ../../../../LUFA-111009/LUFA/Drivers/USB/Core/AVR8/USBInterrupt_AVR8.o
 .debug_ranges  0x00000000000000f0      0x1f8 ../../../../LUFA-111009/LUFA/Drivers/USB/Core/AVR8/EndpointStream_AVR8.o
 .debug_ranges  0x00000000000002e8       0x30 ../../../../LUFA-111009/LUFA/Drivers/USB/Core/ConfigDescriptor.o
 .debug_ranges  0x0000000000000318       0x28 ../../../../LUFA-111009/LUFA/Drivers/USB/Core/DeviceStandardReq.o
 .debug_ranges  0x0000000000000340       0x10 ../../../../LUFA-111009/LUFA/Drivers/USB/Core/Events.o
 .debug_ranges  0x0000000000000350       0x10 ../../../../LUFA-111009/LUFA/Drivers/USB/Core/USBTask.o
 .debug_ranges  0x0000000000000360       0xd0 ../../../../LUFA-111009/LUFA/Drivers/USB/Class/Common/HIDParser.o

.debug_macro
 *(.debug_macro)
OUTPUT(FinalKey.elf elf32-avr)
LOAD linker stubs

Cross Reference Table

Symbol                                            File
CALLBACK_HIDParser_FilterHIDReportItem            ../../../../LUFA-111009/LUFA/Drivers/USB/Class/Common/HIDParser.o
CALLBACK_USB_GetDescriptor                        Descriptors.o
                                                  ../../../../LUFA-111009/LUFA/Drivers/USB/Core/DeviceStandardReq.o
CDC_Task                                          FinalKey.o
ConfigurationDescriptor                           Descriptors.o
DeviceDescriptor                                  Descriptors.o
EVENT_USB_Device_ConfigurationChanged             FinalKey.o
                                                  ../../../../LUFA-111009/LUFA/Drivers/USB/Core/DeviceStandardReq.o
EVENT_USB_Device_Connect                          ../../../../LUFA-111009/LUFA/Drivers/USB/Core/Events.o
                                                  ../../../../LUFA-111009/LUFA/Drivers/USB/Core/AVR8/USBInterrupt_AVR8.o
EVENT_USB_Device_ControlRequest                   FinalKey.o
                                                  ../../../../LUFA-111009/LUFA/Drivers/USB/Core/DeviceStandardReq.o
EVENT_USB_Device_Disconnect                       ../../../../LUFA-111009/LUFA/Drivers/USB/Core/Events.o
                                                  ../../../../LUFA-111009/LUFA/Drivers/USB/Core/AVR8/USBInterrupt_AVR8.o
EVENT_USB_Device_Reset                            ../../../../LUFA-111009/LUFA/Drivers/USB/Core/Events.o
                                                  ../../../../LUFA-111009/LUFA/Drivers/USB/Core/AVR8/USBInterrupt_AVR8.o
EVENT_USB_Device_StartOfFrame                     ../../../../LUFA-111009/LUFA/Drivers/USB/Core/Events.o
EVENT_USB_Device_Suspend                          ../../../../LUFA-111009/LUFA/Drivers/USB/Core/Events.o
                                                  ../../../../LUFA-111009/LUFA/Drivers/USB/Core/AVR8/USBInterrupt_AVR8.o
EVENT_USB_Device_WakeUp                           ../../../../LUFA-111009/LUFA/Drivers/USB/Core/Events.o
                                                  ../../../../LUFA-111009/LUFA/Drivers/USB/Core/AVR8/USBInterrupt_AVR8.o
Endpoint_ClearEndpoints                           ../../../../LUFA-111009/LUFA/Drivers/USB/Core/AVR8/Endpoint_AVR8.o
Endpoint_ClearStatusStage                         ../../../../LUFA-111009/LUFA/Drivers/USB/Core/AVR8/Endpoint_AVR8.o
                                                  ../../../../LUFA-111009/LUFA/Drivers/USB/Core/DeviceStandardReq.o
Endpoint_ConfigureEndpoint_Prv                    ../../../../LUFA-111009/LUFA/Drivers/USB/Core/AVR8/Endpoint_AVR8.o
                                                  ../../../../LUFA-111009/LUFA/Drivers/USB/Core/AVR8/USBInterrupt_AVR8.o
                                                  ../../../../LUFA-111009/LUFA/Drivers/USB/Core/AVR8/USBController_AVR8.o
                                                  FinalKey.o
Endpoint_Discard_Stream                           ../../../../LUFA-111009/LUFA/Drivers/USB/Core/AVR8/EndpointStream_AVR8.o
Endpoint_Null_Stream                              ../../../../LUFA-111009/LUFA/Drivers/USB/Core/AVR8/EndpointStream_AVR8.o
Endpoint_Read_Control_EStream_BE                  ../../../../LUFA-111009/LUFA/Drivers/USB/Core/AVR8/EndpointStream_AVR8.o
Endpoint_Read_Control_EStream_LE                  ../../../../LUFA-111009/LUFA/Drivers/USB/Core/AVR8/EndpointStream_AVR8.o
Endpoint_Read_Control_Stream_BE                   ../../../../LUFA-111009/LUFA/Drivers/USB/Core/AVR8/EndpointStream_AVR8.o
Endpoint_Read_Control_Stream_LE                   ../../../../LUFA-111009/LUFA/Drivers/USB/Core/AVR8/EndpointStream_AVR8.o
                                                  FinalKey.o
Endpoint_Read_EStream_BE                          ../../../../LUFA-111009/LUFA/Drivers/USB/Core/AVR8/EndpointStream_AVR8.o
Endpoint_Read_EStream_LE                          ../../../../LUFA-111009/LUFA/Drivers/USB/Core/AVR8/EndpointStream_AVR8.o
Endpoint_Read_Stream_BE                           ../../../../LUFA-111009/LUFA/Drivers/USB/Core/AVR8/EndpointStream_AVR8.o
Endpoint_Read_Stream_LE                           ../../../../LUFA-111009/LUFA/Drivers/USB/Core/AVR8/EndpointStream_AVR8.o
Endpoint_WaitUntilReady                           ../../../../LUFA-111009/LUFA/Drivers/USB/Core/AVR8/Endpoint_AVR8.o
                                                  ../../../../LUFA-111009/LUFA/Drivers/USB/Core/AVR8/EndpointStream_AVR8.o
Endpoint_Write_Control_EStream_BE                 ../../../../LUFA-111009/LUFA/Drivers/USB/Core/AVR8/EndpointStream_AVR8.o
Endpoint_Write_Control_EStream_LE                 ../../../../LUFA-111009/LUFA/Drivers/USB/Core/AVR8/EndpointStream_AVR8.o
Endpoint_Write_Control_PStream_BE                 ../../../../LUFA-111009/LUFA/Drivers/USB/Core/AVR8/EndpointStream_AVR8.o
Endpoint_Write_Control_PStream_LE                 ../../../../LUFA-111009/LUFA/Drivers/USB/Core/AVR8/EndpointStream_AVR8.o
Endpoint_Write_Control_Stream_BE                  ../../../../LUFA-111009/LUFA/Drivers/USB/Core/AVR8/EndpointStream_AVR8.o
Endpoint_Write_Control_Stream_LE                  ../../../../LUFA-111009/LUFA/Drivers/USB/Core/AVR8/EndpointStream_AVR8.o
                                                  ../../../../LUFA-111009/LUFA/Drivers/USB/Core/DeviceStandardReq.o
                                                  FinalKey.o
Endpoint_Write_EStream_BE                         ../../../../LUFA-111009/LUFA/Drivers/USB/Core/AVR8/EndpointStream_AVR8.o
Endpoint_Write_EStream_LE                         ../../../../LUFA-111009/LUFA/Drivers/USB/Core/AVR8/EndpointStream_AVR8.o
Endpoint_Write_PStream_BE                         ../../../../LUFA-111009/LUFA/Drivers/USB/Core/AVR8/EndpointStream_AVR8.o
Endpoint_Write_PStream_LE                         ../../../../LUFA-111009/LUFA/Drivers/USB/Core/AVR8/EndpointStream_AVR8.o
Endpoint_Write_Stream_BE                          ../../../../LUFA-111009/LUFA/Drivers/USB/Core/AVR8/EndpointStream_AVR8.o
Endpoint_Write_Stream_LE                          ../../../../LUFA-111009/LUFA/Drivers/USB/Core/AVR8/EndpointStream_AVR8.o
LEDPulse                                          FinalKey.o
LLEDPulse                                         FinalKey.o
LanguageString                                    Descriptors.o
ManufNameString                                   Descriptors.o
ProductString                                     Descriptors.o
RxLEDPulse                                        FinalKey.o
SetupHardware                                     FinalKey.o
TxLEDPulse                                        FinalKey.o
USB_ControlRequest                                ../../../../LUFA-111009/LUFA/Drivers/USB/Core/USBTask.o
                                                  ../../../../LUFA-111009/LUFA/Drivers/USB/Core/DeviceStandardReq.o
                                                  ../../../../LUFA-111009/LUFA/Drivers/USB/Core/AVR8/EndpointStream_AVR8.o
                                                  ../../../../LUFA-111009/LUFA/Drivers/USB/Core/AVR8/Endpoint_AVR8.o
                                                  FinalKey.o
USB_Device_ConfigurationNumber                    ../../../../LUFA-111009/LUFA/Drivers/USB/Core/DeviceStandardReq.o
                                                  ../../../../LUFA-111009/LUFA/Drivers/USB/Core/AVR8/USBInterrupt_AVR8.o
                                                  ../../../../LUFA-111009/LUFA/Drivers/USB/Core/AVR8/USBController_AVR8.o
USB_Device_ProcessControlRequest                  ../../../../LUFA-111009/LUFA/Drivers/USB/Core/DeviceStandardReq.o
                                                  ../../../../LUFA-111009/LUFA/Drivers/USB/Core/USBTask.o
USB_Device_SendRemoteWakeup                       ../../../../LUFA-111009/LUFA/Drivers/USB/Core/AVR8/Device_AVR8.o
USB_Disable                                       ../../../../LUFA-111009/LUFA/Drivers/USB/Core/AVR8/USBController_AVR8.o
USB_Event_Stub                                    ../../../../LUFA-111009/LUFA/Drivers/USB/Core/Events.o
USB_GetHIDReportItemInfo                          ../../../../LUFA-111009/LUFA/Drivers/USB/Class/Common/HIDParser.o
USB_GetHIDReportSize                              ../../../../LUFA-111009/LUFA/Drivers/USB/Class/Common/HIDParser.o
USB_GetNextDescriptorComp                         ../../../../LUFA-111009/LUFA/Drivers/USB/Core/ConfigDescriptor.o
USB_GetNextDescriptorOfType                       ../../../../LUFA-111009/LUFA/Drivers/USB/Core/ConfigDescriptor.o
USB_GetNextDescriptorOfTypeAfter                  ../../../../LUFA-111009/LUFA/Drivers/USB/Core/ConfigDescriptor.o
USB_GetNextDescriptorOfTypeBefore                 ../../../../LUFA-111009/LUFA/Drivers/USB/Core/ConfigDescriptor.o
USB_INT_ClearAllInterrupts                        ../../../../LUFA-111009/LUFA/Drivers/USB/Core/AVR8/USBInterrupt_AVR8.o
                                                  ../../../../LUFA-111009/LUFA/Drivers/USB/Core/AVR8/USBController_AVR8.o
USB_INT_DisableAllInterrupts                      ../../../../LUFA-111009/LUFA/Drivers/USB/Core/AVR8/USBInterrupt_AVR8.o
                                                  ../../../../LUFA-111009/LUFA/Drivers/USB/Core/AVR8/USBController_AVR8.o
USB_Init                                          ../../../../LUFA-111009/LUFA/Drivers/USB/Core/AVR8/USBController_AVR8.o
                                                  FinalKey.o
USB_IsInitialized                                 ../../../../LUFA-111009/LUFA/Drivers/USB/Core/USBTask.o
                                                  ../../../../LUFA-111009/LUFA/Drivers/USB/Core/AVR8/USBController_AVR8.o
USB_ProcessHIDReport                              ../../../../LUFA-111009/LUFA/Drivers/USB/Class/Common/HIDParser.o
USB_ResetInterface                                ../../../../LUFA-111009/LUFA/Drivers/USB/Core/AVR8/USBController_AVR8.o
USB_SetHIDReportItemInfo                          ../../../../LUFA-111009/LUFA/Drivers/USB/Class/Common/HIDParser.o
USB_USBTask                                       ../../../../LUFA-111009/LUFA/Drivers/USB/Core/USBTask.o
                                                  ../../../../LUFA-111009/LUFA/Drivers/USB/Core/AVR8/EndpointStream_AVR8.o
                                                  FinalKey.o
__bad_interrupt                                   /usr/lib/gcc/avr/4.9.1/../../../../avr/lib/avr5/crtm32u4.o
__bss_end                                         /usr/lib/gcc/avr/4.9.1/avr5/libgcc.a(_clear_bss.o)
__bss_start                                       /usr/lib/gcc/avr/4.9.1/avr5/libgcc.a(_clear_bss.o)
__data_end                                        /usr/lib/gcc/avr/4.9.1/avr5/libgcc.a(_copy_data.o)
__data_load_start                                 /usr/lib/gcc/avr/4.9.1/avr5/libgcc.a(_copy_data.o)
__data_start                                      /usr/lib/gcc/avr/4.9.1/avr5/libgcc.a(_copy_data.o)
__do_clear_bss                                    /usr/lib/gcc/avr/4.9.1/avr5/libgcc.a(_clear_bss.o)
                                                  ../../../../LUFA-111009/LUFA/Drivers/USB/Core/USBTask.o
                                                  ../../../../LUFA-111009/LUFA/Drivers/USB/Core/DeviceStandardReq.o
                                                  FinalKey.o
__do_copy_data                                    /usr/lib/gcc/avr/4.9.1/avr5/libgcc.a(_copy_data.o)
                                                  Descriptors.o
                                                  FinalKey.o
__eerd_byte_m32u4                                 /usr/lib/gcc/avr/4.9.1/../../../../avr/lib/avr5/libc.a(eerd_byte_atmega32u4.o)
                                                  ../../../../LUFA-111009/LUFA/Drivers/USB/Core/AVR8/EndpointStream_AVR8.o
                                                  FinalKey.o
__eeupd_byte_m32u4                                /usr/lib/gcc/avr/4.9.1/../../../../avr/lib/avr5/libc.a(eeupd_byte_atmega32u4.o)
                                                  ../../../../LUFA-111009/LUFA/Drivers/USB/Core/AVR8/EndpointStream_AVR8.o
__eeupd_r18_m32u4                                 /usr/lib/gcc/avr/4.9.1/../../../../avr/lib/avr5/libc.a(eeupd_byte_atmega32u4.o)
__eewr_byte_m32u4                                 /usr/lib/gcc/avr/4.9.1/../../../../avr/lib/avr5/libc.a(eewr_byte_atmega32u4.o)
                                                  FinalKey.o
__eewr_r18_m32u4                                  /usr/lib/gcc/avr/4.9.1/../../../../avr/lib/avr5/libc.a(eewr_byte_atmega32u4.o)
__heap_end                                        /usr/lib/gcc/avr/4.9.1/../../../../avr/lib/avr5/crtm32u4.o
__init                                            /usr/lib/gcc/avr/4.9.1/../../../../avr/lib/avr5/crtm32u4.o
__stack                                           /usr/lib/gcc/avr/4.9.1/../../../../avr/lib/avr5/crtm32u4.o
__tablejump2__                                    /usr/lib/gcc/avr/4.9.1/avr5/libgcc.a(_tablejump.o)
                                                  ../../../../LUFA-111009/LUFA/Drivers/USB/Core/DeviceStandardReq.o
__tablejump__                                     /usr/lib/gcc/avr/4.9.1/avr5/libgcc.a(_tablejump.o)
__vector_1                                        /usr/lib/gcc/avr/4.9.1/../../../../avr/lib/avr5/crtm32u4.o
__vector_10                                       ../../../../LUFA-111009/LUFA/Drivers/USB/Core/AVR8/USBInterrupt_AVR8.o
                                                  /usr/lib/gcc/avr/4.9.1/../../../../avr/lib/avr5/crtm32u4.o
__vector_11                                       /usr/lib/gcc/avr/4.9.1/../../../../avr/lib/avr5/crtm32u4.o
__vector_12                                       /usr/lib/gcc/avr/4.9.1/../../../../avr/lib/avr5/crtm32u4.o
__vector_13                                       /usr/lib/gcc/avr/4.9.1/../../../../avr/lib/avr5/crtm32u4.o
__vector_14                                       /usr/lib/gcc/avr/4.9.1/../../../../avr/lib/avr5/crtm32u4.o
__vector_15                                       /usr/lib/gcc/avr/4.9.1/../../../../avr/lib/avr5/crtm32u4.o
__vector_16                                       /usr/lib/gcc/avr/4.9.1/../../../../avr/lib/avr5/crtm32u4.o
__vector_17                                       FinalKey.o
                                                  /usr/lib/gcc/avr/4.9.1/../../../../avr/lib/avr5/crtm32u4.o
__vector_18                                       /usr/lib/gcc/avr/4.9.1/../../../../avr/lib/avr5/crtm32u4.o
__vector_19                                       /usr/lib/gcc/avr/4.9.1/../../../../avr/lib/avr5/crtm32u4.o
__vector_2                                        /usr/lib/gcc/avr/4.9.1/../../../../avr/lib/avr5/crtm32u4.o
__vector_20                                       /usr/lib/gcc/avr/4.9.1/../../../../avr/lib/avr5/crtm32u4.o
__vector_21                                       /usr/lib/gcc/avr/4.9.1/../../../../avr/lib/avr5/crtm32u4.o
__vector_22                                       /usr/lib/gcc/avr/4.9.1/../../../../avr/lib/avr5/crtm32u4.o
__vector_23                                       /usr/lib/gcc/avr/4.9.1/../../../../avr/lib/avr5/crtm32u4.o
__vector_24                                       /usr/lib/gcc/avr/4.9.1/../../../../avr/lib/avr5/crtm32u4.o
__vector_25                                       /usr/lib/gcc/avr/4.9.1/../../../../avr/lib/avr5/crtm32u4.o
__vector_26                                       /usr/lib/gcc/avr/4.9.1/../../../../avr/lib/avr5/crtm32u4.o
__vector_27                                       /usr/lib/gcc/avr/4.9.1/../../../../avr/lib/avr5/crtm32u4.o
__vector_28                                       /usr/lib/gcc/avr/4.9.1/../../../../avr/lib/avr5/crtm32u4.o
__vector_29                                       /usr/lib/gcc/avr/4.9.1/../../../../avr/lib/avr5/crtm32u4.o
__vector_3                                        /usr/lib/gcc/avr/4.9.1/../../../../avr/lib/avr5/crtm32u4.o
__vector_30                                       /usr/lib/gcc/avr/4.9.1/../../../../avr/lib/avr5/crtm32u4.o
__vector_31                                       /usr/lib/gcc/avr/4.9.1/../../../../avr/lib/avr5/crtm32u4.o
__vector_32                                       /usr/lib/gcc/avr/4.9.1/../../../../avr/lib/avr5/crtm32u4.o
__vector_33                                       /usr/lib/gcc/avr/4.9.1/../../../../avr/lib/avr5/crtm32u4.o
__vector_34                                       /usr/lib/gcc/avr/4.9.1/../../../../avr/lib/avr5/crtm32u4.o
__vector_35                                       /usr/lib/gcc/avr/4.9.1/../../../../avr/lib/avr5/crtm32u4.o
__vector_36                                       /usr/lib/gcc/avr/4.9.1/../../../../avr/lib/avr5/crtm32u4.o
__vector_37                                       /usr/lib/gcc/avr/4.9.1/../../../../avr/lib/avr5/crtm32u4.o
__vector_38                                       /usr/lib/gcc/avr/4.9.1/../../../../avr/lib/avr5/crtm32u4.o
__vector_39                                       /usr/lib/gcc/avr/4.9.1/../../../../avr/lib/avr5/crtm32u4.o
__vector_4                                        /usr/lib/gcc/avr/4.9.1/../../../../avr/lib/avr5/crtm32u4.o
__vector_40                                       /usr/lib/gcc/avr/4.9.1/../../../../avr/lib/avr5/crtm32u4.o
__vector_41                                       /usr/lib/gcc/avr/4.9.1/../../../../avr/lib/avr5/crtm32u4.o
__vector_42                                       /usr/lib/gcc/avr/4.9.1/../../../../avr/lib/avr5/crtm32u4.o
__vector_5                                        /usr/lib/gcc/avr/4.9.1/../../../../avr/lib/avr5/crtm32u4.o
__vector_6                                        /usr/lib/gcc/avr/4.9.1/../../../../avr/lib/avr5/crtm32u4.o
__vector_7                                        /usr/lib/gcc/avr/4.9.1/../../../../avr/lib/avr5/crtm32u4.o
__vector_8                                        /usr/lib/gcc/avr/4.9.1/../../../../avr/lib/avr5/crtm32u4.o
__vector_9                                        /usr/lib/gcc/avr/4.9.1/../../../../avr/lib/avr5/crtm32u4.o
__vector_default                                  /usr/lib/gcc/avr/4.9.1/../../../../avr/lib/avr5/crtm32u4.o
__vectors                                         /usr/lib/gcc/avr/4.9.1/../../../../avr/lib/avr5/crtm32u4.o
_exit                                             /usr/lib/gcc/avr/4.9.1/avr5/libgcc.a(_exit.o)
bootKey                                           FinalKey.o
bootKeyPtr                                        FinalKey.o
exit                                              /usr/lib/gcc/avr/4.9.1/avr5/libgcc.a(_exit.o)
                                                  /usr/lib/gcc/avr/4.9.1/../../../../avr/lib/avr5/crtm32u4.o
main                                              FinalKey.o
                                                  /usr/lib/gcc/avr/4.9.1/../../../../avr/lib/avr5/crtm32u4.o
